[2026-04-23 23:14:06] live.ERROR: Unable to create PsySH runtime directory. Make sure PHP is able to write to /run/user/980949395 in order to continue. {"exception":"[object] (Psy\\Exception\\RuntimeException(code: 0): Unable to create PsySH runtime directory. Make sure PHP is able to write to /run/user/980949395 in order to continue. at /home/u980949395/domains/sector71.app/public_html/vendor/psy/psysh/src/Configuration.php:627)
[stacktrace]
#0 /home/u980949395/domains/sector71.app/public_html/vendor/psy/psysh/src/Shell.php(223): Psy\\Configuration->getRuntimeDir()
#1 /home/u980949395/domains/sector71.app/public_html/vendor/symfony/console/Application.php(1271): Psy\\Shell->getDefaultCommands()
#2 /home/u980949395/domains/sector71.app/public_html/vendor/symfony/console/Application.php(511): Symfony\\Component\\Console\\Application->init()
#3 /home/u980949395/domains/sector71.app/public_html/vendor/psy/psysh/src/Shell.php(167): Symfony\\Component\\Console\\Application->add()
#4 /home/u980949395/domains/sector71.app/public_html/vendor/symfony/console/Application.php(497): Psy\\Shell->add()
#5 /home/u980949395/domains/sector71.app/public_html/vendor/laravel/tinker/src/Console/TinkerCommand.php(60): Symfony\\Component\\Console\\Application->addCommands()
#6 /home/u980949395/domains/sector71.app/public_html/vendor/laravel/framework/src/Illuminate/Container/BoundMethod.php(36): Laravel\\Tinker\\Console\\TinkerCommand->handle()
#7 /home/u980949395/domains/sector71.app/public_html/vendor/laravel/framework/src/Illuminate/Container/Util.php(41): Illuminate\\Container\\BoundMethod::Illuminate\\Container\\{closure}()
#8 /home/u980949395/domains/sector71.app/public_html/vendor/laravel/framework/src/Illuminate/Container/BoundMethod.php(93): Illuminate\\Container\\Util::unwrapIfClosure()
#9 /home/u980949395/domains/sector71.app/public_html/vendor/laravel/framework/src/Illuminate/Container/BoundMethod.php(35): Illuminate\\Container\\BoundMethod::callBoundMethod()
#10 /home/u980949395/domains/sector71.app/public_html/vendor/laravel/framework/src/Illuminate/Container/Container.php(661): Illuminate\\Container\\BoundMethod::call()
#11 /home/u980949395/domains/sector71.app/public_html/vendor/laravel/framework/src/Illuminate/Console/Command.php(183): Illuminate\\Container\\Container->call()
#12 /home/u980949395/domains/sector71.app/public_html/vendor/symfony/console/Command/Command.php(312): Illuminate\\Console\\Command->execute()
#13 /home/u980949395/domains/sector71.app/public_html/vendor/laravel/framework/src/Illuminate/Console/Command.php(152): Symfony\\Component\\Console\\Command\\Command->run()
#14 /home/u980949395/domains/sector71.app/public_html/vendor/symfony/console/Application.php(1022): Illuminate\\Console\\Command->run()
#15 /home/u980949395/domains/sector71.app/public_html/vendor/symfony/console/Application.php(314): Symfony\\Component\\Console\\Application->doRunCommand()
#16 /home/u980949395/domains/sector71.app/public_html/vendor/symfony/console/Application.php(168): Symfony\\Component\\Console\\Application->doRun()
#17 /home/u980949395/domains/sector71.app/public_html/vendor/laravel/framework/src/Illuminate/Console/Application.php(102): Symfony\\Component\\Console\\Application->run()
#18 /home/u980949395/domains/sector71.app/public_html/vendor/laravel/framework/src/Illuminate/Foundation/Console/Kernel.php(155): Illuminate\\Console\\Application->run()
#19 /home/u980949395/domains/sector71.app/public_html/artisan(35): Illuminate\\Foundation\\Console\\Kernel->handle()
#20 {main}
"} 
[2026-04-23 23:28:12] live.ERROR: Unable to create PsySH runtime directory. Make sure PHP is able to write to /run/user/980949395 in order to continue. {"exception":"[object] (Psy\\Exception\\RuntimeException(code: 0): Unable to create PsySH runtime directory. Make sure PHP is able to write to /run/user/980949395 in order to continue. at /home/u980949395/domains/sector71.app/public_html/vendor/psy/psysh/src/Configuration.php:627)
[stacktrace]
#0 /home/u980949395/domains/sector71.app/public_html/vendor/psy/psysh/src/Shell.php(223): Psy\\Configuration->getRuntimeDir()
#1 /home/u980949395/domains/sector71.app/public_html/vendor/symfony/console/Application.php(1271): Psy\\Shell->getDefaultCommands()
#2 /home/u980949395/domains/sector71.app/public_html/vendor/symfony/console/Application.php(511): Symfony\\Component\\Console\\Application->init()
#3 /home/u980949395/domains/sector71.app/public_html/vendor/psy/psysh/src/Shell.php(167): Symfony\\Component\\Console\\Application->add()
#4 /home/u980949395/domains/sector71.app/public_html/vendor/symfony/console/Application.php(497): Psy\\Shell->add()
#5 /home/u980949395/domains/sector71.app/public_html/vendor/laravel/tinker/src/Console/TinkerCommand.php(60): Symfony\\Component\\Console\\Application->addCommands()
#6 /home/u980949395/domains/sector71.app/public_html/vendor/laravel/framework/src/Illuminate/Container/BoundMethod.php(36): Laravel\\Tinker\\Console\\TinkerCommand->handle()
#7 /home/u980949395/domains/sector71.app/public_html/vendor/laravel/framework/src/Illuminate/Container/Util.php(41): Illuminate\\Container\\BoundMethod::Illuminate\\Container\\{closure}()
#8 /home/u980949395/domains/sector71.app/public_html/vendor/laravel/framework/src/Illuminate/Container/BoundMethod.php(93): Illuminate\\Container\\Util::unwrapIfClosure()
#9 /home/u980949395/domains/sector71.app/public_html/vendor/laravel/framework/src/Illuminate/Container/BoundMethod.php(35): Illuminate\\Container\\BoundMethod::callBoundMethod()
#10 /home/u980949395/domains/sector71.app/public_html/vendor/laravel/framework/src/Illuminate/Container/Container.php(661): Illuminate\\Container\\BoundMethod::call()
#11 /home/u980949395/domains/sector71.app/public_html/vendor/laravel/framework/src/Illuminate/Console/Command.php(183): Illuminate\\Container\\Container->call()
#12 /home/u980949395/domains/sector71.app/public_html/vendor/symfony/console/Command/Command.php(312): Illuminate\\Console\\Command->execute()
#13 /home/u980949395/domains/sector71.app/public_html/vendor/laravel/framework/src/Illuminate/Console/Command.php(152): Symfony\\Component\\Console\\Command\\Command->run()
#14 /home/u980949395/domains/sector71.app/public_html/vendor/symfony/console/Application.php(1022): Illuminate\\Console\\Command->run()
#15 /home/u980949395/domains/sector71.app/public_html/vendor/symfony/console/Application.php(314): Symfony\\Component\\Console\\Application->doRunCommand()
#16 /home/u980949395/domains/sector71.app/public_html/vendor/symfony/console/Application.php(168): Symfony\\Component\\Console\\Application->doRun()
#17 /home/u980949395/domains/sector71.app/public_html/vendor/laravel/framework/src/Illuminate/Console/Application.php(102): Symfony\\Component\\Console\\Application->run()
#18 /home/u980949395/domains/sector71.app/public_html/vendor/laravel/framework/src/Illuminate/Foundation/Console/Kernel.php(155): Illuminate\\Console\\Application->run()
#19 /home/u980949395/domains/sector71.app/public_html/artisan(35): Illuminate\\Foundation\\Console\\Kernel->handle()
#20 {main}
"} 
